MPASM  5.45                               A.S   7-17-2015  21:41:18         PAGE  1


LOC  OBJECT CODE     LINE SOURCE TEXT
  VALUE


                      00002         list
                      00003 ;{
                      00004 ;FILE F1 = C:\PROJELER\RACAL\1.BAS
                      00005 ;FILE F2 = C:\PROJELER\RACAL\1.PRP
                      00006 ;}
                      00007 ;[Variable Listing]
                      00008 ;[End Listing]
                      00009 ;[TOTAL VARS] 14

MESSAGE[308]: WARNING LEVEL SUPERSEDED BY COMMAND LINE VALUE. (2)
                      00011  LIST  P = 16F877, F = INHX8M, W = 2, X = ON, R = DEC, MM = ON, N = 0, C = 255
  00000000            00012 INDF equ 0X0000
  00000001            00013 TMR0 equ 0X0001
  00000002            00014 PCL equ 0X0002
  00000003            00015 STATUS equ 0X0003
  00000004            00016 FSR equ 0X0004
  00000005            00017 PORTA equ 0X0005
  00000006            00018 PORTB equ 0X0006
  00000007            00019 PORTC equ 0X0007
  00000008            00020 PORTD equ 0X0008
  00000009            00021 PORTE equ 0X0009
  0000000A            00022 PCLATH equ 0X000A
  0000000B            00023 INTCON equ 0X000B
  0000000C            00024 PIR1 equ 0X000C
  0000000D            00025 PIR2 equ 0X000D
  0000000E            00026 TMR1L equ 0X000E
  0000000F            00027 TMR1LH equ 0X000F
  0000000F            00028 TMR1H equ 0X000F
  00000010            00029 T1CON equ 0X0010
  00000011            00030 TMR2 equ 0X0011
  00000012            00031 T2CON equ 0X0012
  00000013            00032 SSPBUF equ 0X0013
  00000014            00033 SSPCON equ 0X0014
  00000015            00034 CCPR1L equ 0X0015
  00000016            00035 CCPR1LH equ 0X0016
  00000016            00036 CCPR1H equ 0X0016
  00000017            00037 CCP1CON equ 0X0017
  00000018            00038 RCSTA equ 0X0018
  00000019            00039 TXREG equ 0X0019
  0000001A            00040 RCREG equ 0X001A
  0000001B            00041 CCPR2L equ 0X001B
  0000001C            00042 CCPR2LH equ 0X001C
  0000001C            00043 CCPR2H equ 0X001C
  0000001D            00044 CCP2CON equ 0X001D
  0000001E            00045 ADRESLH equ 0X001E
  0000001E            00046 ADRESH equ 0X001E
  0000001F            00047 ADCON0 equ 0X001F
  00000081            00048 OPTION_REG equ 0X0081
  00000085            00049 TRISA equ 0X0085
  00000086            00050 TRISB equ 0X0086
  00000087            00051 TRISC equ 0X0087
  00000088            00052 TRISD equ 0X0088
  00000089            00053 TRISE equ 0X0089
  0000008C            00054 PIE1 equ 0X008C
  0000008D            00055 PIE2 equ 0X008D
  0000008E            00056 PCON equ 0X008E
  00000091            00057 SSPCON2 equ 0X0091
  00000092            00058 PR2 equ 0X0092
  00000093            00059 SSPADD equ 0X0093
  00000094            00060 SSPSTAT equ 0X0094
  00000098            00061 TXSTA equ 0X0098
  00000099            00062 SPBRG equ 0X0099
  0000009E            00063 ADRESL equ 0X009E
  0000009F            00064 ADCON1 equ 0X009F
  0000010C            00065 EEDATL equ 0X010C
  0000010C            00066 EEDATA equ 0X010C
  0000010C            00067 EEDAT equ 0X010C
  0000010D            00068 EEADR equ 0X010D
  0000010E            00069 EEDATLH equ 0X010E
  0000010E            00070 EEDATH equ 0X010E
  0000010F            00071 EEADRH equ 0X010F
  0000018C            00072 EECON1 equ 0X018C
  0000018D            00073 EECON2 equ 0X018D
  00000087            00074 _I2C_SCL_PORT=TRISC
  00000003            00075 _I2C_SCL_PIN=3
  00000087            00076 _I2C_SDA_PORT=TRISC
  00000004            00077 _I2C_SDA_PIN=4
  00000007            00078 IRP=7
  00000006            00079 RP1=6
  00000005            00080 RP0=5
  00000004            00081 NOT_TO=4
  00000003            00082 NOT_PD=3
  00000002            00083 Z=2
  00000001            00084 DC=1
  00000000            00085 C=0
  00000007            00086 GIE=7
  00000006            00087 PEIE=6
  00000005            00088 T0IE=5
  00000004            00089 INTE=4
  00000003            00090 RBIE=3
  00000002            00091 T0IF=2
  00000001            00092 INTF=1
  00000000            00093 RBIF=0
  00000007            00094 PSPIF=7
  00000006            00095 ADIF=6
  00000005            00096 RCIF=5
  00000005            00097 PP_RCIF=5
  00000004            00098 TXIF=4
  00000004            00099 PP_TXIF=4
  00000003            00100 SSPIF=3
  00000002            00101 CCP1IF=2
  00000001            00102 TMR2IF=1
  00000000            00103 TMR1IF=0
  00000004            00104 EEIF=4
  00000003            00105 BCLIF=3
  00000000            00106 CCP2IF=0
  00000005            00107 T1CKPS1=5
  00000004            00108 T1CKPS0=4
  00000003            00109 T1OSCEN=3
  00000002            00110 NOT_T1SYNC=2
  00000002            00111 T1INSYNC=2
  00000002            00112 T1SYNC=2
  00000001            00113 TMR1CS=1
  00000000            00114 TMR1ON=0
  00000006            00115 TOUTPS3=6
  00000005            00116 TOUTPS2=5
  00000004            00117 TOUTPS1=4
  00000003            00118 TOUTPS0=3
  00000002            00119 TMR2ON=2
  00000002            00120 PP_TMR2ON=2
  00000001            00121 T2CKPS1=1
  00000001            00122 PP_T2CKPS1=1
  00000000            00123 T2CKPS0=0
  00000000            00124 PP_T2CKPS0=0
  00000007            00125 WCOL=7
  00000006            00126 SSPOV=6
  00000005            00127 SSPEN=5
  00000004            00128 CKP=4
  00000003            00129 SSPM3=3
  00000002            00130 SSPM2=2
  00000001            00131 SSPM1=1
  00000000            00132 SSPM0=0
  00000005            00133 CCP1X=5
  00000004            00134 CCP1Y=4
  00000003            00135 CCP1M3=3
  00000002            00136 CCP1M2=2
  00000001            00137 CCP1M1=1
  00000000            00138 CCP1M0=0
  00000007            00139 SPEN=7
  00000006            00140 RX9=6
  00000006            00141 RC9=6
  00000006            00142 NOT_RC8=6
  00000006            00143 RC8_9=6
  00000005            00144 SREN=5
  00000004            00145 CREN=4
  00000004            00146 PP_CREN=4
  00000003            00147 ADDEN=3
  00000002            00148 FERR=2
  00000001            00149 OERR=1
  00000001            00150 PP_OERR=1
  00000000            00151 RX9D=0
  00000000            00152 RCD8=0
  00000005            00153 CCP2X=5
  00000004            00154 CCP2Y=4
  00000003            00155 CCP2M3=3
  00000002            00156 CCP2M2=2
  00000001            00157 CCP2M1=1
  00000000            00158 CCP2M0=0
  00000007            00159 ADCS1=7
  00000006            00160 ADCS0=6
  00000005            00161 CHS2=5
  00000004            00162 CHS1=4
  00000003            00163 CHS0=3
  00000002            00164 GO=2
  00000002            00165 NOT_DONE=2
  00000002            00166 GO_DONE=2
  00000002            00167 PP_GO_DONE=2
  00000000            00168 ADON=0
  00000007            00169 NOT_RBPU=7
  00000006            00170 INTEDG=6
  00000005            00171 T0CS=5
  00000004            00172 T0SE=4
  00000003            00173 PSA=3
  00000002            00174 PS2=2
  00000001            00175 PS1=1
  00000000            00176 PS0=0
  00000007            00177 IBF=7
  00000006            00178 OBF=6
  00000005            00179 IBOV=5
  00000004            00180 PSPMODE=4
  00000002            00181 TRISE2=2
  00000001            00182 TRISE1=1
  00000000            00183 TRISE0=0
  00000007            00184 PSPIE=7
  00000006            00185 ADIE=6
  00000005            00186 RCIE=5
  00000004            00187 TXIE=4
  00000003            00188 SSPIE=3
  00000002            00189 CCP1IE=2
  00000001            00190 TMR2IE=1
  00000000            00191 TMR1IE=0
  00000004            00192 EEIE=4
  00000003            00193 BCLIE=3
  00000000            00194 CCP2IE=0
  00000001            00195 NOT_POR=1
  00000000            00196 NOT_BO=0
  00000000            00197 NOT_BOR=0
  00000007            00198 GCEN=7
  00000006            00199 ACKSTAT=6
  00000006            00200 PP_ACKSTAT=6
  00000005            00201 ACKDT=5
  00000005            00202 PP_ACKDT=5
  00000004            00203 ACKEN=4
  00000004            00204 PP_ACKEN=4
  00000003            00205 RCEN=3
  00000003            00206 PP_RCEN=3
  00000002            00207 PEN=2
  00000002            00208 PP_PEN=2
  00000001            00209 RSEN=1
  00000001            00210 PP_RSEN=1
  00000000            00211 SEN=0
  00000000            00212 PP_SEN=0
  00000007            00213 SMP=7
  00000006            00214 CKE=6
  00000005            00215 I2C_DATA=5
  00000005            00216 NOT_A=5
  00000005            00217 NOT_ADDRESS=5
  00000005            00218 D_A=5
  00000005            00219 DATA_ADDRESS=5
  00000004            00220 I2C_STOP=4
  00000003            00221 I2C_START=3
  00000002            00222 I2C_READ=2
  00000002            00223 NOT_W=2
  00000002            00224 NOT_WRITE=2
  00000002            00225 R_W=2
  00000002            00226 PP_R_W=2
  00000002            00227 READ_WRITE=2
  00000001            00228 UA=1
  00000000            00229 BF=0
  00000000            00230 PP_BF=0
  00000007            00231 CSRC=7
  00000006            00232 TX9=6
  00000006            00233 NOT_TX8=6
  00000006            00234 TX8_9=6
  00000005            00235 TXEN=5
  00000004            00236 SYNC=4
  00000002            00237 BRGH=2
  00000001            00238 TRMT=1
  00000000            00239 TX9D=0
  00000000            00240 TXD8=0
  00000007            00241 ADFM=7
  00000003            00242 PCFG3=3
  00000002            00243 PCFG2=2
  00000001            00244 PCFG1=1
  00000000            00245 PCFG0=0
  00000007            00246 EEPGD=7
  00000007            00247 PP_EEPGD=7
  00000003            00248 WRERR=3
  00000003            00249 PP_WRERR=3
  00000002            00250 WREN=2
  00000002            00251 PP_WREN=2
  00000001            00252 WR=1
  00000001            00253 PP_WR=1
  00000000            00254 RD=0
  00000000            00255 PP_RD=0
  000001FF            00256   __MAXRAM 0X1FF
                      00257   __BADRAM 0X8F-0X90, 0X95-0X97, 0X9A-0X9D
                      00258   __BADRAM 0X105, 0X107-0X109
                      00259   __BADRAM 0X185, 0X187-0X189, 0X18E-0X18F
  00000FCF            00260 CP_ALL equ 0X0FCF
  00001FDF            00261 CP_HALF equ 0X1FDF
  00002FEF            00262 CP_UPPER_256 equ 0X2FEF
  00003FFF            00263 CP_OFF equ 0X3FFF
  000037FF            00264 DEBUG_ON equ 0X37FF
  00003FFF            00265 DEBUG_OFF equ 0X3FFF
  00003FFF            00266 WRTE_ON equ 0X3FFF
  00003FFF            00267 WRT_ENABLE_ON equ 0X3FFF
  00003DFF            00268 WRTE_OFF equ 0X3DFF
  00003DFF            00269 WRT_ENABLE_OFF equ 0X3DFF
  00003EFF            00270 CPD_ON equ 0X3EFF
  00003FFF            00271 CPD_OFF equ 0X3FFF
  00003FFF            00272 LVP_ON equ 0X3FFF
  00003F7F            00273 LVP_OFF equ 0X3F7F
  00003FFF            00274 BODEN_ON equ 0X3FFF
  00003FBF            00275 BODEN_OFF equ 0X3FBF
  00003FFF            00276 PWRTE_OFF equ 0X3FFF
  00003FF7            00277 PWRTE_ON equ 0X3FF7
  00003FFF            00278 WDT_ON equ 0X3FFF
  00003FFB            00279 WDT_OFF equ 0X3FFB
  00003FFC            00280 LP_OSC equ 0X3FFC
  00003FFD            00281 XT_OSC equ 0X3FFD
  00003FFE            00282 HS_OSC equ 0X3FFE
  00003FFF            00283 RC_OSC equ 0X3FFF
  00003FBF            00284 BOREN_OFF equ 0X3FBF
  00003FFF            00285 BOREN_ON equ 0X3FFF
  00003FFF            00286 FOSC_EXTRC equ 0X3FFF
  00003FFE            00287 FOSC_HS equ 0X3FFE
  00003FFC            00288 FOSC_LP equ 0X3FFC
  00003FFD            00289 FOSC_XT equ 0X3FFD
  00003FFB            00290 WDTE_OFF equ 0X3FFB
  00003FFF            00291 WDTE_ON equ 0X3FFF
  00003DFF            00292 WRT_OFF equ 0X3DFF
  00003FFF            00293 WRT_ON equ 0X3FFF

                      00297 #define __16F877 1
                      00298 #define XTAL 10
                      00299 #define _CORE 14
                      00300 #define _MAXRAM 368
                      00301 #define _RAM_END 0X0170
                      00302 #define _MAXMEM 8192
                      00303 #define _ADC 8
                      00304 #define _ADC_RES 10
                      00305 #define _EEPROM 256
                      00306 #define _PAGES 4
                      00307 #define _BANKS 3
                      00308 #define RAM_BANKS 4
                      00309 #define _USART 1
                      00310 #define _USB 0
                      00311 #define _FLASH 1
                      00312 #define _CWRITE_BLOCK 1
                      00313 #define BANK0_START 0X20
                      00314 #define BANK0_END 0X7F
                      00315 #define BANK1_START 0X00A0
                      00316 #define BANK1_END 0X00EF
                      00317 #define BANK2_START 0X0110
                      00318 #define BANK2_END 0X016F
                      00319 #define BANK3_START 0X0190
                      00320 #define BANK3_END 0X01EF
                      00321 #define _SYSTEM_VARIABLE_COUNT 14
  00000000            00322 ram_bank = 0
  00000000            00323 CURRENT@PAGE = 0
  00000000            00324 DEST@PAGE = 0
                      00325 #define LCD#DTPORT PORTD
                      00326 #define LCD#DTPIN 4
                      00327 #define LCD#RSPORT PORTD
                      00328 #define LCD#RSPIN 2
                      00329 #define LCD#ENPORT PORTD
                      00330 #define LCD#ENPIN 3
                      00331 #define LCD#INTERFACE 4
                      00332 #define LCD#LINES 2
                      00333 #define LCD#TYPE 0
                      00335 f@call macro pDest
                      00336 if(pDest < 1)
                      00337 if((pDest & 2048) == 0)
                      00338         bcf 10,3
                      00339 else
                      00340         bsf 10,3
                      00341 endif
                      00342 if((pDest & 4096) == 0)
                      00343         bcf 10,4
                      00344 else
                      00345         bsf 10,4
                      00346 endif
                      00347 else
                      00348 if(pDest > $)
                      00349 if((pDest & 2048) == 0)
                      00350         bcf 10,3
                      00351 else
                      00352         bsf 10,3
                      00353 endif
                      00354 if((pDest & 4096) == 0)
                      00355         bcf 10,4
                      00356 else
                      00357         bsf 10,4
                      00358 endif
                      00359 else
                      00360 if((pDest & 6144) == 0)
                      00361         clrf 10
                      00362 else
                      00363 if((pDest & 2048) == 0)
                      00364         bcf 10,3
                      00365 else
                      00366         bsf 10,3
                      00367 endif
                      00368 if((pDest & 4096) == 0)
                      00369         bcf 10,4
                      00370 else
                      00371         bsf 10,4
                      00372 endif
                      00373 endif
                      00374 endif
                      00375 endif
                      00376         call pDest
                      00377         endm
                      00378 f@jump macro pDest
                      00379 if(pDest < 1)
                      00380 if((pDest & 2048) == 0)
                      00381         bcf 10,3
                      00382 else
                      00383         bsf 10,3
                      00384 endif
                      00385 if((pDest & 4096) == 0)
                      00386         bcf 10,4
                      00387 else
                      00388         bsf 10,4
                      00389 endif
                      00390 else
                      00391 if(pDest > $)
                      00392 if((pDest & 2048) == 0)
                      00393         bcf 10,3
                      00394 else
                      00395         bsf 10,3
                      00396 endif
                      00397 if((pDest & 4096) == 0)
                      00398         bcf 10,4
                      00399 else
                      00400         bsf 10,4
                      00401 endif
                      00402 else
                      00403 if((pDest & 6144) == 0)
                      00404         clrf 10
                      00405 else
                      00406 if((pDest & 2048) == 0)
                      00407         bcf 10,3
                      00408 else
                      00409         bsf 10,3
                      00410 endif
                      00411 if((pDest & 4096) == 0)
                      00412         bcf 10,4
                      00413 else
                      00414         bsf 10,4
                      00415 endif
                      00416 endif
                      00417 endif
                      00418 endif
                      00419         goto pDest
                      00420         endm
                      00421 set@page macro pDest
                      00422 if((pDest & 2048) == 0)
                      00423         bcf 10,3
                      00424 else
                      00425         bsf 10,3
                      00426 endif
                      00427 if((pDest & 4096) == 0)
                      00428         bcf 10,4
                      00429 else
                      00430         bsf 10,4
                      00431 endif
                      00432         endm
                      00433 s@b     macro pVarin
                      00434 if((pVarin & 384) == 0)
                      00435 if(ram_bank == 1)
                      00436         bcf 3,5
                      00437 endif
                      00438 if(ram_bank == 2)
                      00439         bcf 3,6
                      00440 endif
                      00441 if(ram_bank == 3)
                      00442         bcf 3,5
                      00443         bcf 3,6
                      00444 endif
                      00445 ram_bank = 0
                      00446 endif
                      00447 if((pVarin & 384) == 128)
                      00448 if(ram_bank == 0)
                      00449         bsf 3,5
                      00450 endif
                      00451 if(ram_bank == 2)
                      00452         bsf 3,5
                      00453         bcf 3,6
                      00454 endif
                      00455 if(ram_bank == 3)
                      00456         bcf 3,6
                      00457 endif
                      00458 ram_bank = 1
                      00459 endif
                      00460 if((pVarin & 384) == 256)
                      00461 if(ram_bank == 0)
                      00462         bsf 3,6
                      00463 endif
                      00464 if(ram_bank == 1)
                      00465         bcf 3,5
                      00466         bsf 3,6
                      00467 endif
                      00468 if(ram_bank == 3)
                      00469         bcf 3,5
                      00470 endif
                      00471 ram_bank = 2
                      00472 endif
                      00473 if((pVarin & 384) == 384)
                      00474 if(ram_bank == 0)
                      00475         bsf 3,5
                      00476         bsf 3,6
                      00477 endif
                      00478 if(ram_bank == 1)
                      00479         bsf 3,6
                      00480 endif
                      00481 if(ram_bank == 2)
                      00482         bsf 3,5
                      00483 endif
                      00484 ram_bank = 3
                      00485 endif
                      00486         endm
                      00487 r@b     macro
                      00488 if((ram_bank & 1) != 0)
                      00489         bcf 3,5
                      00490 endif
                      00491 if((ram_bank & 2) != 0)
                      00492         bcf 3,6
                      00493 endif
                      00494 ram_bank = 0
                      00495         endm
                      00496 jump macro pLabel
                      00497     goto pLabel
                      00498     endm
                      00499 wreg_byte macro pByteOut
                      00500     s@b pByteOut
                      00501     movwf pByteOut
                      00502     r@b
                      00503     endm
                      00504 wreg_bit macro pVarOut,pBitout
                      00505     s@b pVarOut
                      00506     andlw 1
                      00507     btfsc STATUS,2
                      00508     bcf pVarOut,pBitout
                      00509     btfss STATUS,2
                      00510     bsf pVarOut,pBitout
                      00511     r@b
                      00512     endm
                      00513 wreg_word macro pWordOut
                      00514     s@b pWordOut
                      00515     movwf pWordOut
                      00516     s@b pWordOut+1
                      00517     clrf pWordOut+1
                      00518     r@b
                      00519     endm
                      00520 wreg_dword macro pDwordOut
                      00521     s@b pDwordOut+3
                      00522     clrf pDwordOut+3
                      00523     s@b pDwordOut+2
                      00524     clrf pDwordOut+2
                      00525     s@b pDwordOut+1
                      00526     clrf pDwordOut+1
                      00527     s@b pDwordOut
                      00528     movwf pDwordOut
                      00529     r@b
                      00530     endm
                      00531 byte_wreg macro pByteIn
                      00532     s@b pByteIn
                      00533     movf pByteIn,W
                      00534     r@b
                      00535     endm
                      00536 num_SFR macro pNumIn,pSFROut
                      00538     s@b pSFROut
                      00539     movlw pNumIn
                      00540     movwf pSFROut
                      00541     endm
                      00542 NUM16_SFR macro pNumIn,pSFROut
                      00544     s@b pSFROut
                      00545     movlw (pNumIn & 255)
                      00546     movwf pSFROut
                      00547     s@b pSFROut + 1
                      00548     movlw ((pNumIn >> 8) & 255)
                      00549     movwf pSFROut + 1
                      00550     r@b
                      00551     endm
                      00552 num_wreg macro pNumIn
                      00553     movlw (pNumIn & 255)
                      00554     endm
                      00555 num_byte macro pNumIn,pByteOut
                      00556     s@b pByteOut
                      00557 if(pNumIn == 0)
                      00558     clrf pByteOut
                      00559 else
                      00560     movlw (pNumIn & 255)
                      00561     movwf pByteOut
                      00562 endif
                      00563     r@b
                      00564     endm
                      00565 num_bit macro pNumIn,pVarOut,pBitout
                      00566     s@b pVarOut
                      00567 if((pNumIn & 1) == 1)
                      00568     bsf pVarOut,pBitout
                      00569 else
                      00570     bcf pVarOut,pBitout
                      00571 endif
                      00572     r@b
                      00573     endm
                      00574 num_word macro pNumIn,pWordOut
                      00575 if((pNumIn & 255) == 0)
                      00576     s@b pWordOut
                      00577     clrf pWordOut
                      00578 else
                      00579     s@b pWordOut
                      00580     movlw low (pNumIn)
                      00581     movwf pWordOut
                      00582 endif
                      00583 if(((pNumIn >> 8) & 255) == 0)
                      00584     s@b pWordOut+1
                      00585     clrf pWordOut+1
                      00586 else
                      00587     s@b pWordOut+1
                      00588     movlw high (pNumIn)
                      00589     movwf pWordOut+1
                      00590 endif
                      00591     r@b
                      00592     endm
                      00593 num_dword macro pNumIn,pDwordOut
                      00594 if ((pNumIn >> 24 & 255) == 0)
                      00595     s@b pDwordOut+3
                      00596     clrf pDwordOut+3
                      00597 else
                      00598     s@b pDwordOut+3
                      00599     movlw ((pNumIn >> 24) & 255)
                      00600     movwf pDwordOut+3
                      00601 endif
                      00602 if( ((pNumIn >> 16) & 255) == 0)
                      00603     s@b pDwordOut+2
                      00604     clrf pDwordOut+2
                      00605 else
                      00606     s@b pDwordOut+2
                      00607     movlw ((pNumIn >> 16) & 255)
                      00608     movwf pDwordOut+2
                      00609 endif
                      00610 if( ((pNumIn >> 8) & 255) == 0)
                      00611     s@b pDwordOut+1
                      00612     clrf pDwordOut+1
                      00613 else
                      00614     s@b pDwordOut+1
                      00615     movlw high (pNumIn)
                      00616     movwf pDwordOut+1
                      00617 endif
                      00618 if((pNumIn & 255) == 0)
                      00619     s@b pDwordOut
                      00620     clrf pDwordOut
                      00621 else
                      00622     s@b pDwordOut
                      00623     movlw low (pNumIn)
                      00624     movwf pDwordOut
                      00625 endif
                      00626     r@b
                      00627     endm
                      00628 bit_wreg macro pVarin,pBitIn
                      00629     s@b pVarin
                      00630     clrw
                      00631     btfsc pVarin,pBitIn
                      00632     movlw 1
                      00633     r@b
                      00634     endm
                      00635 bit_byte macro pVarin,pBitIn,pByteOut
                      00636     s@b pVarin
                      00637     clrw
                      00638     btfsc pVarin,pBitIn
                      00639     movlw 1
                      00640     s@b pByteOut
                      00641     movwf pByteOut
                      00642     r@b
                      00643     endm
                      00644 bit_bit macro pVarin,pBitIn,pVarOut,pBitout
                      00645 if((pVarin & 65408) == (pVarOut & 65408))
                      00646     s@b pVarOut
                      00647     btfsc pVarin,pBitIn
                      00648     bsf pVarOut,pBitout
                      00649     btfss pVarin,pBitIn
                      00650     bcf pVarOut,pBitout
                      00651 else
                      00652     s@b pVarin
                      00653     clrdc
                      00654     btfsc pVarin,pBitIn
                      00655     setdc
                      00656     s@b pVarOut
                      00657     skpndc
                      00658     bsf pVarOut,pBitout
                      00659     skpdc
                      00660     bcf pVarOut,pBitout
                      00661 endif
                      00662     endm
                      00663 bit_word macro pVarin,pBitIn,pWordOut
                      00664     s@b pWordOut+1
                      00665     clrf pWordOut+1
                      00666     bit_byte pVarin,pBitIn,pWordOut
                      00667     endm
                      00668 bit_dword macro pVarin,pBitIn,pDwordOut
                      00669     s@b pDwordOut+3
                      00670     clrf pDwordOut+3
                      00671     s@b pDwordOut+2
                      00672     clrf pDwordOut+2
                      00673     s@b pDwordOut+1
                      00674     clrf pDwordOut+1
                      00675     bit_byte pVarin,pBitIn,pDwordOut
                      00676     endm
                      00677 word_wreg macro pWordIn
                      00678     byte_wreg pWordIn
                      00679     endm
                      00680 word_byte macro pWordIn,pByteOut
                      00681     byte_byte pWordIn,pByteOut
                      00682     endm
                      00683 word_bit macro pWordIn,pVarOut,pBitout
                      00684     byte_bit pWordIn, pVarOut, pBitout
                      00685     endm
                      00686 word_word macro pWordIn,pWordOut
                      00687     s@b pWordIn+1
                      00688     movf pWordIn+1,W
                      00689     s@b pWordOut+1
                      00690     movwf pWordOut+1
                      00691     byte_byte pWordIn,pWordOut
                      00692     endm
                      00693 word_dword macro pWordIn,pDwordOut
                      00694     s@b pDwordOut+3
                      00695     clrf pDwordOut+3
                      00696     s@b pDwordOut+2
                      00697     clrf pDwordOut+2
                      00698     byte_byte pWordIn+1,pDwordOut+1
                      00699     byte_byte pWordIn,pDwordOut
                      00700     endm
                      00701 byte_byte macro pByteIn,pByteOut
                      00702     s@b pByteIn
                      00703     movf pByteIn,W
                      00704     s@b pByteOut
                      00705     movwf pByteOut
                      00706     r@b
                      00707     endm
                      00708 byte_word macro pByteIn,pWordOut
                      00709     s@b pWordOut+1
                      00710     clrf pWordOut+1
                      00711     byte_byte pByteIn,pWordOut
                      00712     endm
                      00713 byte_dword macro pByteIn,pDwordOut
                      00714     s@b pDwordOut+3
                      00715     clrf pDwordOut+3
                      00716     s@b pDwordOut+2
                      00717     clrf pDwordOut+2
                      00718     s@b pDwordOut+1
                      00719     clrf pDwordOut+1
                      00720     byte_byte pByteIn,pDwordOut
                      00721     endm
                      00722     byte_bit macro pByteIn,pVarOut,pBitout
                      00723 if((pByteIn & 65408) == (pVarOut & 65408))
                      00724     s@b pByteIn
                      00725     btfsc pByteIn,0
                      00726     bsf pVarOut,pBitout
                      00727     btfss pByteIn,0
                      00728     bcf pVarOut,pBitout
                      00729 else
                      00730     s@b pByteIn
                      00731     rrf pByteIn,W
                      00732     s@b pVarOut
                      00733     skpnc
                      00734     bsf pVarOut,pBitout
                      00735     skpc
                      00736     bcf pVarOut,pBitout
                      00737 endif
                      00738     r@b
                      00739     endm
                      00740 dword_wreg macro pDwordIn
                      00741     byte_wreg pDwordIn
                      00742     endm
                      00743 dword_byte macro pDwordIn,pByteOut
                      00744     byte_byte pDwordIn,pByteOut
                      00745     endm
                      00746 dword_word macro pDwordIn,pWordOut
                      00747     s@b pDwordIn+1
                      00748     movf pDwordIn+1,W
                      00749     s@b pWordOut+1
                      00750     movwf pWordOut+1
                      00751     byte_byte pDwordIn,pWordOut
                      00752     endm
                      00753 dword_dword macro pDwordIn,pDwordOut
                      00754     byte_byte pDwordIn+3,pDwordOut+3
                      00755     byte_byte pDwordIn+2,pDwordOut+2
                      00756     byte_byte pDwordIn+1,pDwordOut+1
                      00757     byte_byte pDwordIn,pDwordOut
                      00758     endm
                      00759 dword_bit macro pDwordIn,pVarOut,pBitout
                      00760     byte_bit pDwordIn,pVarOut,pBitout
                      00761     endm
  0000                00762 variable CURRENT@PAGE = 0
  0000                00763 variable PDESTINATION@PAGE = 0
                      00764 FIND@PAGE macro pLabelIn
                      00765 local CURRENT_ADDR = $
                      00766 local DEST_ADDR = pLabelIn
                      00767 if((CURRENT_ADDR >= 0X1800) && (CURRENT_ADDR <= 0X2000))
                      00768     CURRENT@PAGE = 3
                      00769 endif
                      00770 if((CURRENT_ADDR >= 0X1000) && (CURRENT_ADDR <= 0X1800))
                      00771     CURRENT@PAGE = 2
                      00772 endif
                      00773 if((CURRENT_ADDR >= 0X0800) && (CURRENT_ADDR <= 0X1000))
                      00774     CURRENT@PAGE = 1
                      00775 endif
                      00776 if((CURRENT_ADDR >= 0) && (CURRENT_ADDR <= 0X0800))
                      00777     CURRENT@PAGE = 0
                      00778 endif
                      00779 if((DEST_ADDR >= 0X1800) && (DEST_ADDR <= 0X2000))
                      00780     PDESTINATION@PAGE = 3
                      00781 endif
                      00782 if((DEST_ADDR >= 0X1000) && (DEST_ADDR <= 0X1800))
                      00783     PDESTINATION@PAGE = 2
                      00784 endif
                      00785 if((DEST_ADDR >= 0X0800) && (DEST_ADDR <= 0X1000))
                      00786     PDESTINATION@PAGE = 1
                      00787 endif
                      00788 if((DEST_ADDR >= 0) && (DEST_ADDR <= 0X0800))
                      00789     PDESTINATION@PAGE = 0
                      00790 endif
                      00791     endm
                      00792 num_FSR macro pNumIn
                      00793     num_byte pNumIn, FSR
                      00794 if (((pNumIn >> 8) & 255) == 1)
                      00795     bsf STATUS,7
                      00796 else
                      00797     bcf STATUS,7
                      00798 endif
                      00799     endm
                      00800 label_word macro pLabelIn,pWordOut
                      00801     movlw (pLabelIn & 255)
                      00802     s@b pWordOut
                      00803     movwf pWordOut
                      00804     movlw ((pLabelIn >> 8) & 255)
                      00805     s@b pWordOut+1
                      00806     movwf pWordOut+1
                      00807     r@b
                      00808     endm
                      00809 wreg_sword macro pWordOut
                      00810     s@b pWordOut
                      00811     movwf pWordOut
                      00812     movlw 0
                      00813     btfsc pWordOut,7
                      00814     movlw 255
                      00815     s@b pWordOut+1
                      00816     movwf pWordOut+1
                      00817     r@b
                      00818     endm
                      00819 wreg_sdword macro pDwordOut
                      00820     s@b pDwordOut
                      00821     movwf pDwordOut
                      00822     movlw 0
                      00823     btfsc pDwordOut,7
                      00824     movlw 255
                      00825     s@b pDwordOut+1
                      00826     movwf pDwordOut+1
                      00827     s@b pDwordOut+2
                      00828     movwf pDwordOut+2
                      00829     s@b pDwordOut+3
                      00830     movwf pDwordOut+3
                      00831     r@b
                      00832     endm
                      00833 byte_sword macro pByteIn,pWordOut
                      00834     s@b pByteIn
                      00835     movf pByteIn,W
                      00836     s@b pWordOut
                      00837     movwf pWordOut
                      00838     movlw 0
                      00839     btfsc pWordOut,7
                      00840     movlw 255
                      00841     s@b pWordOut+1
                      00842     movwf pWordOut+1
                      00843     r@b
                      00844     endm
                      00845 byte_sdword macro pByteIn,pDwordOut
                      00846     s@b pByteIn
                      00847     movf pByteIn,W
                      00848     s@b pDwordOut
                      00849     movwf pDwordOut
                      00850     movlw 0
                      00851     btfsc pDwordOut,7
                      00852     movlw 255
                      00853     s@b pDwordOut+1
                      00854     movwf pDwordOut+1
                      00855     s@b pDwordOut+2
                      00856     movwf pDwordOut+2
                      00857     s@b pDwordOut+3
                      00858     movwf pDwordOut+3
                      00859     r@b
                      00860     endm
                      00861 word_sdword macro pWordIn,pDwordOut
                      00862     s@b pWordIn
                      00863     movf pWordIn,W
                      00864     s@b pDwordOut
                      00865     movwf pDwordOut
                      00866     s@b pWordIn+1
                      00867     movf pWordIn+1,W
                      00868     s@b pDwordOut+1
                      00869     movwf pDwordOut+1
                      00870     movlw 0
                      00871     btfsc pDwordOut+1,7
                      00872     movlw 255
                      00873     s@b pDwordOut+2
                      00874     movwf pDwordOut+2
                      00875     s@b pDwordOut+3
                      00876     movwf pDwordOut+3
                      00877     r@b
                      00878     endm
  00000020            00881 BPF = 32
  00000021            00882 BPFH = 33
  00000022            00883 CSTR#CT = 34
  00000023            00884 GEN = 35
  00000024            00885 GEN4 = 36
  00000025            00886 GEN4H = 37
  00000026            00887 PP0 = 38
  00000027            00888 PP0H = 39
  00000028            00889 PP1 = 40
  00000029            00890 PP1H = 41
  0000002A            00891 PP3 = 42
  0000002B            00892 PP3H = 43
  0000002C            00893 PP4 = 44
  0000002D            00894 PP5 = 45
                      00895 #define __LCD_RSPORT PORTD
                      00896 #define __LCD_ENPORT PORTD
                      00897 #define __LCD_DTPORT PORTD
                      00898 #define __XTAL 10
                      00899 #define __LCD_RSPIN 2
                      00900 #define __LCD_ENPIN 3
                      00901 #define __LCD_DTPIN 4
                      00902 #define __LCD_INTERFACE 4
                      00903 #define __LCD_LINES 2
                      00904 #define __LCD_TYPE 0
0000                  00905 proton#code#start
0000                  00906         org 0
0000   0000           00907         nop
0001   3000           00908         movlw (proton#main#start >> 8) & 255
0002   008A           00909         movwf PCLATH
0003   289D           00910         goto proton#main#start
0004                  00911         org 4
0004                  00912 LCD@CRS
0004   01A1           00913         clrf 33
0005   17A1           00914         bsf 33,7
0006                  00915 CURS@
0006   00AD           00916         movwf 45
0007   30FE           00917         movlw 254
0008   2058           00918         call _BYTE__SEND_
0009   082D           00919         movf 45,W
000A   2858           00920         goto _BYTE__SEND_
000B                  00921 PRINT
000B   00AB           00922         movwf 43
000C   1188           00923         bcf PORTD,3
000D   1108           00924         bcf PORTD,2
000E   1683           00925         bsf STATUS,5
000F   1188           00926         bcf TRISD,3
0010   1108           00927         bcf TRISD,2
0011   300F           00928         movlw 15
0012   0588           00929         andwf TRISD,F
0013   1283           00930         bcf STATUS,5
0014   082B           00931         movf 43,W
0015   18A0           00932         btfsc 32,1
0016   2835           00933         goto PRT@1
0017   303E           00934         movlw 62
0018   00A7           00935         movwf 39
0019   3080           00936         movlw 128
001A   2085           00937         call __DELAY_US_W_
001B   3033           00938         movlw 51
001C   00AA           00939         movwf 42
001D   2049           00940         call PR@LP
001E   3013           00941         movlw 19
001F   00A7           00942         movwf 39
0020   3088           00943         movlw 136
0021   2085           00944         call __DELAY_US_W_
0022   2049           00945         call PR@LP
0023   3064           00946         movlw 100
0024   2084           00947         call __DELAY_US_
0025   2049           00948         call PR@LP
0026   3064           00949         movlw 100
0027   2084           00950         call __DELAY_US_
0028   3022           00951         movlw 34
0029   00AA           00952         movwf 42
002A   2049           00953         call PR@LP
002B   3028           00954         movlw 40
002C   2034           00955         call PRT@C
002D   300C           00956         movlw 12
002E   2034           00957         call PRT@C
002F   3006           00958         movlw 6
0030   2034           00959         call PRT@C
0031   14A0           00960         bsf 32,1
0032   082B           00961         movf 43,W
0033   2835           00962         goto PRT@1
0034                  00963 PRT@C
0034   1420           00964         bsf 32,0
0035                  00965 PRT@1
0035   00AA           00966         movwf 42
0036   1C20           00967         btfss 32,0
0037   2843           00968         goto PRIT@SKP
0038   1108           00969         bcf PORTD,2
0039   3C03           00970         sublw 3
003A   1C03           00971         skpc
003B   2848           00972         goto PRT@S
003C   2048           00973         call PRT@S
003D   3007           00974         movlw 7
003E   00A7           00975         movwf 39
003F   30D0           00976         movlw 208
0040   2085           00977         call __DELAY_US_W_
0041   1403           00978         bsf 3,0
0042   0008           00979         return
0043                  00980 PRIT@SKP
0043   1420           00981         bsf 32,0
0044   3CFE           00982         sublw 254
0045   1903           00983         skpnz
0046   2856           00984         goto PR@EX
0047   1508           00985         bsf PORTD,2
0048                  00986 PRT@S
0048   1C20           00987         btfss 32,0
0049                  00988 PR@LP
0049   1020           00989         bcf 32,0
004A   1588           00990         bsf PORTD,3
004B   300F           00991         movlw 15
004C   0588           00992         andwf PORTD,F
004D   082A           00993         movf 42,W
004E   39F0           00994         andlw 240
004F   0488           00995         iorwf PORTD,F
0050   1188           00996         bcf PORTD,3
0051   0EAA           00997         swapf 42,F
0052   1820           00998         btfsc 32,0
0053   2849           00999         goto PR@LP
0054   3032           01000         movlw 50
0055   2084           01001         call __DELAY_US_
0056                  01002 PR@EX
0056   082B           01003         movf 43,W
0057   2899           01004         goto I@NT
0058                  01005 _BYTE__SEND_
0058   1BA1           01006         btfsc 33,7
0059   280B           01007         goto PRINT
005A   0008           01008         return
005B                  01009 C@STROUT
005B   00A4           01010         movwf 36
005C                  01011 C@STROUTW
005C   01A2           01012         clrf 34
005D                  01013 C@STROUTLP
005D   0824           01014         movf 36,W
005E   1703           01015         bsf STATUS,6
005F   008D           01016         movwf 269
0060   1303           01017         bcf STATUS,6
0061   0825           01018         movf 37,W
0062   1703           01019         bsf STATUS,6
0063   008F           01020         movwf 271
0064   206E           01021         call __CREAD_
0065   1903           01022         skpnz
0066   2899           01023         goto I@NT
0067   2058           01024         call _BYTE__SEND_
0068   0AA4           01025         incf 36,F
0069   1903           01026         skpnz
006A   0AA5           01027         incf 37,F
006B   0FA2           01028         incfsz 34,F
006C   285D           01029         goto C@STROUTLP
006D   2899           01030         goto I@NT
006E                  01031 __CREAD_
006E   1683           01032         bsf STATUS,5
006F   1703           01033         bsf STATUS,6
0070   178C           01034         bsf 396,PP_EEPGD
0071   140C           01035         bsf 396,PP_RD
0072   0000           01036         nop
0073   0000           01037         nop
0074   1283           01038         bcf STATUS,5
0075   080C           01039         movf 268,W
0076   2899           01040         goto I@NT
0077                  01041 __DELAY_MS_
0077   01A9           01042         clrf 41
0078                  01043 __DELAY_MS_W_
0078   00A8           01044         movwf 40
0079                  01045 DLY@P
0079   30FF           01046         movlw 255
007A   07A8           01047         addwf 40,F
007B   1C03           01048         skpc
007C   07A9           01049         addwf 41,F
007D   1C03           01050         skpc
007E   2899           01051         goto I@NT
007F   3003           01052         movlw 3
0080   00A7           01053         movwf 39
0081   30E4           01054         movlw 228
0082   2085           01055         call __DELAY_US_W_
0083   2879           01056         goto DLY@P
0084                  01057 __DELAY_US_
0084   01A7           01058         clrf 39
0085                  01059 __DELAY_US_W_
0085   3EF6           01060         addlw 246
0086   00A6           01061         movwf 38
0087   09A7           01062         comf 39,F
0088   1C03           01063         skpc
0089   2890           01064         goto $ + 7
008A   30FE           01065         movlw 254
008B   0000           01066         nop
008C   07A6           01067         addwf 38,F
008D   1803           01068         skpnc
008E   288B           01069         goto $ - 3
008F   07A6           01070         addwf 38,F
0090   0000           01071         nop
0091   0FA7           01072         incfsz 39,F
0092   288A           01073         goto $ - 8
0093   0000           01074         nop
0094   1826           01075         btfsc 38,0
0095   2896           01076         goto $ + 1
0096   1826           01077         btfsc 38,0
0097   2898           01078         goto $ + 1
0098   0008           01079         return
0099                  01080 I@NT
0099   1383           01081         bcf STATUS,7
009A   1283           01082         bcf STATUS,5
009B   1303           01083         bcf STATUS,6
009C   0008           01084         return
009D                  01085 proton#main#start
009D   0183           01086         clrf STATUS
009E   01A0           01087         clrf 32

  0000009F            01090 F2_SOF equ $ ; 1.PRP
  0000009F            01091 F2_EOF equ $ ; 1.PRP
  0000009F            01092 F1_SOF equ $ ; 1.BAS
  0000009F            01093 F1_000004 equ $ ; IN [1.BAS] ALL_DIGITAL=TRUE
009F   3007           01094         movlw 7
00A0   1683           01095         bsf STATUS,5
  00000001            01096 ram_bank = 1
00A1   009F           01097         movwf ADCON1
  000000A2            01098 F1_000015 equ $ ; IN [1.BAS] TRISB=0000
00A2   0186           01099         clrf TRISB
  000000A3            01100 F1_000016 equ $ ; IN [1.BAS] TRISD=0000
00A3   0188           01101         clrf TRISD
  000000A4            01102 F1_000017 equ $ ; IN [1.BAS] TRISE=0000
00A4   0189           01103         clrf TRISE
00A5                  01104 Test
00A5   1283           01105         bcf STATUS,5
  00000000            01106 ram_bank = 0
  000000A6            01107 F1_000022 equ $ ; IN [1.BAS] PRINT AT 1,1, "Test LINE 1"
00A6   3080           01108         movlw 128
00A7   00A1           01109         movwf BPFH
                      01110         f@call LCD@CRS
00AA   3000           01111         movlw ((STR@LB1 >> 8) & 255)
00AB   00A5           01112         movwf GEN4H
00AC   30C9           01113         movlw (STR@LB1 & 255)
                      01114         f@call C@STROUT
  000000AF            01115 F1_000023 equ $ ; IN [1.BAS] PRINT AT 2,1, "Test LINE 2"
00AF   3080           01116         movlw 128
00B0   00A1           01117         movwf BPFH
00B1   30C0           01118         movlw 192
                      01119         f@call LCD@CRS
00B4   3000           01120         movlw ((STR@LB2 >> 8) & 255)
00B5   00A5           01121         movwf GEN4H
00B6   30D5           01122         movlw (STR@LB2 & 255)
                      01123         f@call C@STROUT
  000000B9            01124 F1_000024 equ $ ; IN [1.BAS] DELAYMS 1000
00B9   3003           01125         movlw 3
00BA   00A9           01126         movwf PP1H
00BB   30E8           01127         movlw 232
                      01128         f@call __DELAY_MS_W_
  000000BE            01129 F1_000025 equ $ ; IN [1.BAS] TOGGLE PORTB.7
00BE   3080           01130         movlw 128
00BF   0686           01131         xorwf PORTB,F
00C0   1683           01132         bsf STATUS,5
  00000001            01133 ram_bank = 1
00C1   1386           01134         bcf TRISB,7
  000000C2            01135 F1_000026 equ $ ; IN [1.BAS] goto Test
00C2   1283           01136         bcf STATUS,5
  00000000            01137 ram_bank = 0
                      01138         f@jump Test
  000000C5            01139 F1_000029 equ $ ; IN [1.BAS] end
00C5                  01140 PB@LB2
                      01141         f@jump PB@LB2
  000000C7            01142 F1_EOF equ $ ; 1.BAS
00C7                  01143 PB@LB3
                      01144         f@jump PB@LB3
00C9                  01146 STR@LB1
00C9   0054 0065 0073 01147         de 84,101,115,116,32,108,105,110,101,32,49,0
       0074 0020 006C 
       0069 006E 0065 
       0020 0031 0000 
00D5                  01148 STR@LB2
00D5   0054 0065 0073 01149         de 84,101,115,116,32,108,105,110,101,32,50,0
       0074 0020 006C 
       0069 006E 0065 
       0020 0032 0000 
00E1                  01150 __EOF
2007   3F32           01178 __config HS_OSC & WDT_OFF & PWRTE_ON & BODEN_OFF & LVP_OFF & WRTE_ON & CP_OFF & DEBUG_OFF
                      01188         end
MPASM  5.45                               A.S   7-17-2015  21:41:18         PAGE  2


SYMBOL TABLE
  LABEL                             VALUE 

ACKDT                             00000005
ACKEN                             00000004
ACKSTAT                           00000006
ADCON0                            0000001F
ADCON1                            0000009F
ADCS0                             00000006
ADCS1                             00000007
ADDEN                             00000003
ADFM                              00000007
ADIE                              00000006
ADIF                              00000006
ADON                              00000000
ADRESH                            0000001E
ADRESL                            0000009E
ADRESLH                           0000001E
BANK0_END                         0X7F
BANK0_START                       0X20
BANK1_END                         0X00EF
BANK1_START                       0X00A0
BANK2_END                         0X016F
BANK2_START                       0X0110
BANK3_END                         0X01EF
BANK3_START                       0X0190
BCLIE                             00000003
BCLIF                             00000003
BF                                00000000
BIT_BIT                           
BIT_BYTE                          
BIT_DWORD                         
BIT_WORD                          
BIT_WREG                          
BODEN_OFF                         00003FBF
BODEN_ON                          00003FFF
BOREN_OFF                         00003FBF
BOREN_ON                          00003FFF
BPF                               00000020
BPFH                              00000021
BRGH                              00000002
BYTE_BIT                          
BYTE_BYTE                         
BYTE_DWORD                        
BYTE_SDWORD                       
BYTE_SWORD                        
BYTE_WORD                         
BYTE_WREG                         
C                                 00000000
C@STROUT                          0000005B
C@STROUTLP                        0000005D
C@STROUTW                         0000005C
CCP1CON                           00000017
CCP1IE                            00000002
CCP1IF                            00000002
CCP1M0                            00000000
CCP1M1                            00000001
CCP1M2                            00000002
CCP1M3                            00000003
CCP1X                             00000005
CCP1Y                             00000004
CCP2CON                           0000001D
CCP2IE                            00000000
CCP2IF                            00000000
CCP2M0                            00000000
CCP2M1                            00000001
CCP2M2                            00000002
CCP2M3                            00000003
CCP2X                             00000005
CCP2Y                             00000004
CCPR1H                            00000016
CCPR1L                            00000015
CCPR1LH                           00000016
CCPR2H                            0000001C
CCPR2L                            0000001B
CCPR2LH                           0000001C
CHS0                              00000003
CHS1                              00000004
CHS2                              00000005
CKE                               00000006
CKP                               00000004
CPD_OFF                           00003FFF
CPD_ON                            00003EFF
CP_ALL                            00000FCF
CP_HALF                           00001FDF
CP_OFF                            00003FFF
CP_UPPER_256                      00002FEF
CREN                              00000004
CSRC                              00000007
CSTR#CT                           00000022
CURRENT@PAGE                      00000000
CURS@                             00000006
DATA_ADDRESS                      00000005
DC                                00000001
DEBUG_OFF                         00003FFF
DEBUG_ON                          000037FF
DEST@PAGE                         00000000
DLY@P                             00000079
DWORD_BIT                         
DWORD_BYTE                        
DWORD_DWORD                       
DWORD_WORD                        
DWORD_WREG                        
D_A                               00000005
EEADR                             0000010D
EEADRH                            0000010F
EECON1                            0000018C
EECON2                            0000018D
EEDAT                             0000010C
EEDATA                            0000010C
EEDATH                            0000010E
EEDATL                            0000010C
EEDATLH                           0000010E
EEIE                              00000004
EEIF                              00000004
EEPGD                             00000007
F1_000004                         0000009F
F1_000015                         000000A2
F1_000016                         000000A3
F1_000017                         000000A4
F1_000022                         000000A6
F1_000023                         000000AF
F1_000024                         000000B9
F1_000025                         000000BE
F1_000026                         000000C2
F1_000029                         000000C5
F1_EOF                            000000C7
F1_SOF                            0000009F
F2_EOF                            0000009F
F2_SOF                            0000009F
F@CALL                            
F@JUMP                            
FERR                              00000002
FIND@PAGE                         
FOSC_EXTRC                        00003FFF
FOSC_HS                           00003FFE
FOSC_LP                           00003FFC
FOSC_XT                           00003FFD
FSR                               00000004
GCEN                              00000007
GEN                               00000023
GEN4                              00000024
GEN4H                             00000025
GIE                               00000007
GO                                00000002
GO_DONE                           00000002
HS_OSC                            00003FFE
I2C_DATA                          00000005
I2C_READ                          00000002
I2C_START                         00000003
I2C_STOP                          00000004
I@NT                              00000099
IBF                               00000007
IBOV                              00000005
INDF                              00000000
INTCON                            0000000B
INTE                              00000004
INTEDG                            00000006
INTF                              00000001
IRP                               00000007
JUMP                              
LABEL_WORD                        
LCD#DTPIN                         4
LCD#DTPORT                        PORTD
LCD#ENPIN                         3
LCD#ENPORT                        PORTD
LCD#INTERFACE                     4
LCD#LINES                         2
LCD#RSPIN                         2
LCD#RSPORT                        PORTD
LCD#TYPE                          0
LCD@CRS                           00000004
LP_OSC                            00003FFC
LVP_OFF                           00003F7F
LVP_ON                            00003FFF
NOT_A                             00000005
NOT_ADDRESS                       00000005
NOT_BO                            00000000
NOT_BOR                           00000000
NOT_DONE                          00000002
NOT_PD                            00000003
NOT_POR                           00000001
NOT_RBPU                          00000007
NOT_RC8                           00000006
NOT_T1SYNC                        00000002
NOT_TO                            00000004
NOT_TX8                           00000006
NOT_W                             00000002
NOT_WRITE                         00000002
NUM16_SFR                         
NUM_BIT                           
NUM_BYTE                          
NUM_DWORD                         
NUM_FSR                           
NUM_SFR                           
NUM_WORD                          
NUM_WREG                          
OBF                               00000006
OERR                              00000001
OPTION_REG                        00000081
PB@LB2                            000000C5
PB@LB3                            000000C7
PCFG0                             00000000
PCFG1                             00000001
PCFG2                             00000002
PCFG3                             00000003
PCL                               00000002
PCLATH                            0000000A
PCON                              0000008E
PDESTINATION@PAGE                 00000000
PEIE                              00000006
PEN                               00000002
PIE1                              0000008C
PIE2                              0000008D
PIR1                              0000000C
PIR2                              0000000D
PORTA                             00000005
PORTB                             00000006
PORTC                             00000007
PORTD                             00000008
PORTE                             00000009
PP0                               00000026
PP0H                              00000027
PP1                               00000028
PP1H                              00000029
PP3                               0000002A
PP3H                              0000002B
PP4                               0000002C
PP5                               0000002D
PP_ACKDT                          00000005
PP_ACKEN                          00000004
PP_ACKSTAT                        00000006
PP_BF                             00000000
PP_CREN                           00000004
PP_EEPGD                          00000007
PP_GO_DONE                        00000002
PP_OERR                           00000001
PP_PEN                            00000002
PP_RCEN                           00000003
PP_RCIF                           00000005
PP_RD                             00000000
PP_RSEN                           00000001
PP_R_W                            00000002
PP_SEN                            00000000
PP_T2CKPS0                        00000000
PP_T2CKPS1                        00000001
PP_TMR2ON                         00000002
PP_TXIF                           00000004
PP_WR                             00000001
PP_WREN                           00000002
PP_WRERR                          00000003
PR2                               00000092
PR@EX                             00000056
PR@LP                             00000049
PRINT                             0000000B
PRIT@SKP                          00000043
PROTON#CODE#START                 00000000
PROTON#MAIN#START                 0000009D
PRT@1                             00000035
PRT@C                             00000034
PRT@S                             00000048
PS0                               00000000
PS1                               00000001
PS2                               00000002
PSA                               00000003
PSPIE                             00000007
PSPIF                             00000007
PSPMODE                           00000004
PWRTE_OFF                         00003FFF
PWRTE_ON                          00003FF7
R@B                               
RAM_BANK                          00000000
RAM_BANKS                         4
RBIE                              00000003
RBIF                              00000000
RC8_9                             00000006
RC9                               00000006
RCD8                              00000000
RCEN                              00000003
RCIE                              00000005
RCIF                              00000005
RCREG                             0000001A
RCSTA                             00000018
RC_OSC                            00003FFF
RD                                00000000
READ_WRITE                        00000002
RP0                               00000005
RP1                               00000006
RSEN                              00000001
RX9                               00000006
RX9D                              00000000
R_W                               00000002
S@B                               
SEN                               00000000
SET@PAGE                          
SMP                               00000007
SPBRG                             00000099
SPEN                              00000007
SREN                              00000005
SSPADD                            00000093
SSPBUF                            00000013
SSPCON                            00000014
SSPCON2                           00000091
SSPEN                             00000005
SSPIE                             00000003
SSPIF                             00000003
SSPM0                             00000000
SSPM1                             00000001
SSPM2                             00000002
SSPM3                             00000003
SSPOV                             00000006
SSPSTAT                           00000094
STATUS                            00000003
STR@LB1                           000000C9
STR@LB2                           000000D5
SYNC                              00000004
T0CS                              00000005
T0IE                              00000005
T0IF                              00000002
T0SE                              00000004
T1CKPS0                           00000004
T1CKPS1                           00000005
T1CON                             00000010
T1INSYNC                          00000002
T1OSCEN                           00000003
T1SYNC                            00000002
T2CKPS0                           00000000
T2CKPS1                           00000001
T2CON                             00000012
TEST                              000000A5
TMR0                              00000001
TMR1CS                            00000001
TMR1H                             0000000F
TMR1IE                            00000000
TMR1IF                            00000000
TMR1L                             0000000E
TMR1LH                            0000000F
TMR1ON                            00000000
TMR2                              00000011
TMR2IE                            00000001
TMR2IF                            00000001
TMR2ON                            00000002
TOUTPS0                           00000003
TOUTPS1                           00000004
TOUTPS2                           00000005
TOUTPS3                           00000006
TRISA                             00000085
TRISB                             00000086
TRISC                             00000087
TRISD                             00000088
TRISE                             00000089
TRISE0                            00000000
TRISE1                            00000001
TRISE2                            00000002
TRMT                              00000001
TX8_9                             00000006
TX9                               00000006
TX9D                              00000000
TXD8                              00000000
TXEN                              00000005
TXIE                              00000004
TXIF                              00000004
TXREG                             00000019
TXSTA                             00000098
UA                                00000001
WCOL                              00000007
WDTE_OFF                          00003FFB
WDTE_ON                           00003FFF
WDT_OFF                           00003FFB
WDT_ON                            00003FFF
WORD_BIT                          
WORD_BYTE                         
WORD_DWORD                        
WORD_SDWORD                       
WORD_WORD                         
WORD_WREG                         
WR                                00000001
WREG_BIT                          
WREG_BYTE                         
WREG_DWORD                        
WREG_SDWORD                       
WREG_SWORD                        
WREG_WORD                         
WREN                              00000002
WRERR                             00000003
WRTE_OFF                          00003DFF
WRTE_ON                           00003FFF
WRT_ENABLE_OFF                    00003DFF
WRT_ENABLE_ON                     00003FFF
WRT_OFF                           00003DFF
WRT_ON                            00003FFF
XTAL                              10
XT_OSC                            00003FFD
Z                                 00000002
_ADC                              8
_ADC_RES                          10
_BANKS                            3
_BYTE__SEND_                      00000058
_CORE                             14
_CWRITE_BLOCK                     1
_EEPROM                           256
_FLASH                            1
_I2C_SCL_PIN                      00000003
_I2C_SCL_PORT                     00000087
_I2C_SDA_PIN                      00000004
_I2C_SDA_PORT                     00000087
_MAXMEM                           8192
_MAXRAM                           368
_PAGES                            4
_RAM_END                          0X0170
_SYSTEM_VARIABLE_COUNT            14
_USART                            1
_USB                              0
__16F877                          1
__CREAD_                          0000006E
__DELAY_MS_                       00000077
__DELAY_MS_W_                     00000078
__DELAY_US_                       00000084
__DELAY_US_W_                     00000085
__EOF                             000000E1
__LCD_DTPIN                       4
__LCD_DTPORT                      PORTD
__LCD_ENPIN                       3
__LCD_ENPORT                      PORTD
__LCD_INTERFACE                   4
__LCD_LINES                       2
__LCD_RSPIN                       2
__LCD_RSPORT                      PORTD
__LCD_TYPE                        0
__XTAL                            10


MEMORY USAGE MAP ('X' = USED,  '-' = UNUSED)

0000 : XXXXXXXXXXXXXXXX XXXXXXXXXXXXXXXX XXXXXXXXXXXXXXXX XXXXXXXXXXXXXXXX
0040 : XXXXXXXXXXXXXXXX XXXXXXXXXXXXXXXX XXXXXXXXXXXXXXXX XXXXXXXXXXXXXXXX
0080 : XXXXXXXXXXXXXXXX XXXXXXXXXXXXXXXX XXXXXXXXXXXXXXXX XXXXXXXXXXXXXXXX
00C0 : XXXXXXXXXXXXXXXX XXXXXXXXXXXXXXXX X--------------- ----------------
2000 : -------X-------- ---------------- ---------------- ----------------

ALL OTHER MEMORY BLOCKS UNUSED.

PROGRAM MEMORY WORDS USED:   225
PROGRAM MEMORY WORDS FREE:  7967


ERRORS   :     0
WARNINGS :     0 REPORTED,    77 SUPPRESSED
MESSAGES :     1 REPORTED,    14 SUPPRESSED


